* installing to library '/home/runner/R-patched/lib'
* installing *source* package 'enderecobr' ...
** this is package 'enderecobr' version '0.6.0'
** package 'enderecobr' successfully unpacked and MD5 sums checked
** using staged installation
Using cargo 1.96.1 (356927216 2026-06-26) (Alpine Linux Rust 1.96.1-r0)
Using rustc 1.96.1 (31fca3adb 2026-06-26) (Alpine Linux Rust 1.96.1-r0)
Building for CRAN.
Writing `src/Makevars`.
`tools/config.R` has finished.
** libs
using C compiler: 'gcc (Alpine 15.2.0) 15.2.0'
make[1]: Entering directory '/var/local/PKGS/CRAN/enderecobr/src'
gcc -I"/home/runner/R-patched/build/include" -DNDEBUG   -I/usr/local/include    -fpic  -O2 -mtune=native  -c entrypoint.c -o entrypoint.o
if [ -d ./vendor ]; then \
	echo "=== Using offline vendor directory ==="; \
	mkdir -p /var/local/PKGS/CRAN/enderecobr/src/.cargo && \
	cp rust/vendor-config.toml /var/local/PKGS/CRAN/enderecobr/src/.cargo/config.toml; \
elif [ -f ./rust/vendor.tar.xz ]; then \
	echo "=== Using offline vendor tarball ==="; \
	tar xf rust/vendor.tar.xz && \
	mkdir -p /var/local/PKGS/CRAN/enderecobr/src/.cargo && \
	cp rust/vendor-config.toml /var/local/PKGS/CRAN/enderecobr/src/.cargo/config.toml; \
fi
=== Using offline vendor tarball ===
export CARGO_HOME=/var/local/PKGS/CRAN/enderecobr/src/.cargo && \
export PATH="/bin:/sbin:/usr/bin:/usr/sbin:/usr/bin:/usr/sbin:/usr/local/bin:/usr/local/sbin:/home/runner/.cargo/bin" && \
RUSTFLAGS=" --print=native-static-libs" cargo build -j 2 --offline --lib --release --manifest-path=./rust/Cargo.toml --target-dir ./rust/target 
   Compiling proc-macro2 v1.0.105
   Compiling unicode-ident v1.0.22
   Compiling quote v1.0.43
   Compiling memchr v2.7.6
   Compiling extendr-ffi v0.9.0
   Compiling aho-corasick v1.1.4
   Compiling paste v1.0.15
   Compiling tinyvec_macros v0.1.1
   Compiling regex-syntax v0.8.11
   Compiling regex-automata v0.4.18
   Compiling tinyvec v1.10.0
   Compiling syn v3.0.3
   Compiling syn v2.0.114
   Compiling either v1.15.0
   Compiling extendr-api v0.9.0
   Compiling lazy_static v1.5.0
   Compiling extendr-macros v0.9.0
   Compiling itertools v0.15.0
   Compiling readonly v0.2.14
   Compiling unicode-normalization v0.1.25
   Compiling regex v1.13.1
   Compiling once_cell v1.21.3
   Compiling diacritics v0.2.2
   Compiling rustc-hash v2.1.3
   Compiling enderecobr_rs v0.3.0
   Compiling enderecobr v0.1.0 (/var/local/PKGS/CRAN/enderecobr/src/rust)
note: link against the following native artifacts when linking against this static library. The order and any duplication can be significant on some platforms

note: native-static-libs: -lR -lgcc_s -lc

    Finished `release` profile [optimized] target(s) in 1m 28s
export CARGO_HOME=/var/local/PKGS/CRAN/enderecobr/src/.cargo && \
export PATH="/bin:/sbin:/usr/bin:/usr/sbin:/usr/bin:/usr/sbin:/usr/local/bin:/usr/local/sbin:/home/runner/.cargo/bin" && \
cargo run -j 2 --offline --bin document --manifest-path=./rust/Cargo.toml --target-dir ./rust/target 
   Compiling proc-macro2 v1.0.105
   Compiling unicode-ident v1.0.22
   Compiling quote v1.0.43
   Compiling memchr v2.7.6
   Compiling extendr-ffi v0.9.0
   Compiling aho-corasick v1.1.4
   Compiling paste v1.0.15
   Compiling tinyvec_macros v0.1.1
   Compiling regex-syntax v0.8.11
   Compiling regex-automata v0.4.18
   Compiling tinyvec v1.10.0
   Compiling syn v2.0.114
   Compiling syn v3.0.3
   Compiling extendr-api v0.9.0
   Compiling lazy_static v1.5.0
   Compiling either v1.15.0
   Compiling itertools v0.15.0
   Compiling readonly v0.2.14
   Compiling extendr-macros v0.9.0
   Compiling regex v1.13.1
   Compiling unicode-normalization v0.1.25
   Compiling once_cell v1.21.3
   Compiling rustc-hash v2.1.3
   Compiling diacritics v0.2.2
   Compiling enderecobr_rs v0.3.0
   Compiling enderecobr v0.1.0 (/var/local/PKGS/CRAN/enderecobr/src/rust)
error: linking with `cc` failed: exit status: 1
  |
  = note:  "cc" "-m64" "/var/local/PKGS/CRAN/enderecobr/src/./rust/target/debug/deps/rustcebsAFT/symbols.o" "<17 object files omitted>" "-Wl,--as-needed" "-Wl,-Bstatic" "/var/local/PKGS/CRAN/enderecobr/src/rust/target/debug/deps/{libenderecobr-00eee7a849aa1440,libextendr_api-75281c4d9e6e395e,libonce_cell-ff5edfcccaa99ffb,libextendr_ffi-c0c8940018babd57,libenderecobr_rs-04a545191dade584,librustc_hash-84c5dce2e3b63def,libregex-e2fe43e3bec3172e,libregex_automata-a73f8add2792fa60,libaho_corasick-15e5c548c006db95,libmemchr-83d2d57bd0543338,libregex_syntax-2391bec62fe0bb61,libitertools-88cc4891ba8dd4a5,libeither-60a7391bf79fc748,libunicode_normalization-336bb422cf8a6419,libtinyvec-1a6d8e88730db9b8,libtinyvec_macros-facec1e7a6a42959}.rlib" "<sysroot>/lib/rustlib/x86_64-alpine-linux-musl/lib/{libstd-*,libpanic_unwind-*,libobject-*,libmemchr-*,libaddr2line-*,libgimli-*,libcfg_if-*,librustc_demangle-*,libstd_detect-*,libhashbrown-*,librustc_std_workspace_alloc-*,libminiz_oxide-*,libadler2-*,libunwind-*,liblibc-*,librustc_std_workspace_core-*,liballoc-*,libcore-*,libcompiler_builtins-*}.rlib" "-Wl,-Bdynamic" "-lR" "-lgcc_s" "-lc" "-L" "/var/local/PKGS/CRAN/enderecobr/src/./rust/target/debug/deps/rustcebsAFT/raw-dylibs" "-Wl,--eh-frame-hdr" "-Wl,-z,noexecstack" "-L" "<sysroot>/lib/rustlib/x86_64-alpine-linux-musl/lib" "-o" "/var/local/PKGS/CRAN/enderecobr/src/./rust/target/debug/deps/document-4fb1feae9bcc40ff" "-Wl,--gc-sections" "-pie" "-Wl,-z,relro,-z,now"
  = note: some arguments are omitted. use `--verbose` to show all linker arguments
  = note: /usr/lib/gcc/x86_64-alpine-linux-musl/15.2.0/../../../../x86_64-alpine-linux-musl/bin/ld: cannot find -lR: No such file or directory
          collect2: error: ld returned 1 exit status
          

error: could not compile `enderecobr` (bin "document") due to 1 previous error
make[1]: *** [Makevars:28: rust/target/release/libenderecobr.a] Error 101
make[1]: Leaving directory '/var/local/PKGS/CRAN/enderecobr/src'
make[1]: Entering directory '/var/local/PKGS/CRAN/enderecobr/src'
make[1]: Leaving directory '/var/local/PKGS/CRAN/enderecobr/src'
ERROR: compilation failed for package 'enderecobr'
* removing '/home/runner/R-patched/lib/enderecobr'
* restoring previous '/home/runner/R-patched/lib/enderecobr'
