* installing to library '/home/runner/R-patched/lib'
* installing *source* package 'rtiktoken' ...
** this is package 'rtiktoken' version '0.11.0.2'
** package 'rtiktoken' successfully unpacked and MD5 sums checked
** using staged installation
Using cargo 1.96.1 (356927216 2026-06-26) (Alpine Linux Rust 1.96.1-r0)
Using rustc 1.96.1 (31fca3adb 2026-06-26) (Alpine Linux Rust 1.96.1-r0)
Building for CRAN.
Writing `src/Makevars`.
`tools/config.R` has finished.
** libs
using C compiler: 'gcc (Alpine 15.2.0) 15.2.0'
make[1]: Entering directory '/var/local/PKGS/CRAN/rtiktoken/src'
gcc -I"/home/runner/R-patched/build/include" -DNDEBUG   -I/usr/local/include    -fpic  -O2 -mtune=native  -c entrypoint.c -o entrypoint.o
if [ -d ./vendor ]; then \
	echo "=== Using offline vendor directory ==="; \
	mkdir -p /var/local/PKGS/CRAN/rtiktoken/src/.cargo && \
	cp rust/vendor-config.toml /var/local/PKGS/CRAN/rtiktoken/src/.cargo/config.toml; \
elif [ -f ./rust/vendor.tar.xz ]; then \
	echo "=== Using offline vendor tarball ==="; \
	tar xf rust/vendor.tar.xz && \
	mkdir -p /var/local/PKGS/CRAN/rtiktoken/src/.cargo && \
	cp rust/vendor-config.toml /var/local/PKGS/CRAN/rtiktoken/src/.cargo/config.toml; \
fi
=== Using offline vendor tarball ===
export CARGO_HOME=/var/local/PKGS/CRAN/rtiktoken/src/.cargo && \
export PATH="/bin:/sbin:/usr/bin:/usr/sbin:/usr/bin:/usr/sbin:/usr/local/bin:/usr/local/sbin:/home/runner/.cargo/bin" && \
RUSTFLAGS=" --print=native-static-libs" cargo build -j 2 --offline --lib --release --manifest-path=./rust/Cargo.toml --target-dir ./rust/target 
   Compiling proc-macro2 v1.0.106
   Compiling memchr v2.8.0
   Compiling unicode-ident v1.0.24
   Compiling quote v1.0.45
   Compiling aho-corasick v1.1.4
   Compiling regex-syntax v0.8.10
   Compiling regex-automata v0.4.14
   Compiling extendr-ffi v0.9.0
   Compiling syn v2.0.117
   Compiling bit-vec v0.8.0
   Compiling paste v1.0.15
   Compiling anyhow v1.0.102
   Compiling bit-set v0.8.0
   Compiling extendr-api v0.9.0
   Compiling lazy_static v1.5.0
   Compiling extendr-macros v0.9.0
   Compiling fancy-regex v0.17.0
   Compiling readonly v0.2.13
   Compiling regex v1.12.3
   Compiling bstr v1.12.1
   Compiling rustc-hash v1.1.0
   Compiling once_cell v1.21.4
   Compiling base64 v0.22.1
   Compiling tiktoken-rs v0.11.0
   Compiling rtiktoken v0.1.0 (/var/local/PKGS/CRAN/rtiktoken/src/rust)
note: link against the following native artifacts when linking against this static library. The order and any duplication can be significant on some platforms

note: native-static-libs: -lR -lgcc_s -lc

    Finished `release` profile [optimized] target(s) in 1m 26s
export CARGO_HOME=/var/local/PKGS/CRAN/rtiktoken/src/.cargo && \
export PATH="/bin:/sbin:/usr/bin:/usr/sbin:/usr/bin:/usr/sbin:/usr/local/bin:/usr/local/sbin:/home/runner/.cargo/bin" && \
RUSTFLAGS=" --print=native-static-libs" cargo run -j 2 --offline --bin document --release --manifest-path=./rust/Cargo.toml --target-dir ./rust/target 
note: link against the following native artifacts when linking against this static library. The order and any duplication can be significant on some platforms

note: native-static-libs: -lR -lgcc_s -lc

   Compiling rtiktoken v0.1.0 (/var/local/PKGS/CRAN/rtiktoken/src/rust)
error: linking with `cc` failed: exit status: 1
  |
  = note:  "cc" "-m64" "<1 object files omitted>" "-Wl,--as-needed" "-Wl,-Bstatic" "<sysroot>/lib/rustlib/x86_64-alpine-linux-musl/lib/libcompiler_builtins-*.rlib" "-Wl,-Bdynamic" "-lR" "-lgcc_s" "-lc" "-L" "/var/local/PKGS/CRAN/rtiktoken/src/./rust/target/release/deps/rustcahCcA9/raw-dylibs" "-Wl,--eh-frame-hdr" "-Wl,-z,noexecstack" "-L" "<sysroot>/lib/rustlib/x86_64-alpine-linux-musl/lib" "-o" "/var/local/PKGS/CRAN/rtiktoken/src/./rust/target/release/deps/document-022cd10eca9c7754" "-Wl,--gc-sections" "-pie" "-Wl,-z,relro,-z,now" "-Wl,--strip-debug"
  = note: some arguments are omitted. use `--verbose` to show all linker arguments
  = note: /usr/lib/gcc/x86_64-alpine-linux-musl/15.2.0/../../../../x86_64-alpine-linux-musl/bin/ld: cannot find -lR: No such file or directory
          collect2: error: ld returned 1 exit status
          

error: could not compile `rtiktoken` (bin "document") due to 1 previous error
make[1]: *** [Makevars:28: rust/target/release/librtiktoken.a] Error 101
make[1]: Leaving directory '/var/local/PKGS/CRAN/rtiktoken/src'
make[1]: Entering directory '/var/local/PKGS/CRAN/rtiktoken/src'
make[1]: Leaving directory '/var/local/PKGS/CRAN/rtiktoken/src'
ERROR: compilation failed for package 'rtiktoken'
* removing '/home/runner/R-patched/lib/rtiktoken'
* restoring previous '/home/runner/R-patched/lib/rtiktoken'
